// Jest Snapshot v1, https://goo.gl/fbAQLP

exports[`AUTH_POPUP:  should render component 1`] = `
<div
  className="auth-overlay"
  onClick={[Function]}
>
  <div
    className="auth-overlay__wrapper"
  >
    <div
      className="auth-overlay__popup"
    >
      <button
        className="auth-overlay__close-btn"
        onClick={[Function]}
      />
      <div
        className="auth-overlay__toggle-wrap"
      >
        <div
          className="auth-overlay__toggle-btn auth-overlay__toggle-btn_active"
          onClick={[Function]}
        >
          Вход
        </div>
        <div
          className="auth-overlay__toggle-btn"
          onClick={[Function]}
        >
          Регистрация
        </div>
      </div>
      <Component />
    </div>
  </div>
</div>
`;
